<html>
<body>
<pre>
<h1>µVision Build Log</h1>
<h2>Tool Versions:</h2>
IDE-Version: µVision V5.13.0.0
Copyright (C) 2014 ARM Ltd and ARM Germany GmbH. All rights reserved.
License Information: Quoc Ly, Audience, LIC=GN0AX-HNVLM-TWD2T-9DN11-8KHDN-E6BA5
 
Tool Versions:
Toolchain:       MDK-ARM Standard Cortex-M only  Version: 5.13.0.0
Toolchain Path:  C:\Keil_v5\ARM\ARMCC\Bin
C Compiler:      Armcc.exe V5.05 update 1 (build 106)
Assembler:       Armasm.exe V5.05 update 1 (build 106)
Linker/Locator:  ArmLink.exe V5.05 update 1 (build 106)
Library Manager: ArmAr.exe V5.05 update 1 (build 106)
Hex Converter:   FromElf.exe V5.05 update 1 (build 106)
CPU DLL:         SARMCM3.DLL V5.13.0.0
Dialog DLL:      DCM.DLL V1.13.1.0
Target DLL:      CMSIS_AGDI.dll V1.20.8.0
Dialog DLL:      TCM.DLL V1.14.4.0
 
<h2>Project:</h2>
C:\nxp\Keil\applications\lpc5410x\keil\lpcxpresso_54102\periph\blinky\blinky.uvprojx
Project File Date:  04/20/2015

<h2>Output:</h2>
Rebuild Project 'blinky' - Target 'iflash_nxp_lpcxpresso_lpc5410X'
compiling blinky.c...
C:\nxp\Keil\applications\lpc5410x\examples\periph\blinky\blinky.c(88): warning:  #111-D: statement is unreachable
        return 0;
..\..\..\..\examples\periph\blinky\blinky.c: 1 warning, 0 errors
compiling sysinit.c...
assembling keil_startup_lpc5410x.s...
linking...
Program Size: Code=5454 RO-data=510 RW-data=20 ZI-data=932  
After Build - User command #1: C:\Keil_v5\\ARM\BIN\ELFDWT.EXE .\keil_output\blinky.axf BASEADDRESS(0x00000000)
ELFDWT - Signature Creator V1.1.0.0
COPYRIGHT Keil - An ARM Company, Copyright (C) 2014
*** Updated Signature over Range[32] (0x00000000 - 0x00000018): @0x0000001C = 0xFDFFF0EA
*** Processing completed, no Errors.
".\keil_output\blinky.axf" - 0 Error(s), 1 Warning(s).

<h2>Collection of Component include folders:</h2>
  C:\nxp\Keil\applications\lpc5410x\keil\lpcxpresso_54102\periph\blinky\RTE
  C:\Keil_v5\ARM\PACK\Keil\LPC54000_DFP\1.0.0\Device\Include

<h2>Collection of Component Files used:</h2>
</pre>
</body>
</html>
